// Jest Snapshot v1, https://goo.gl/fbAQLP

exports[`Header component renders correctly 1`] = `
<div
  className="d-flex justify-content-center "
>
  <input
    className="border-0  p-2 rounded-2 text-light"
    onChange={[Function]}
    placeholder=" Search..."
    style={
      Object {
        "backgroundColor": "#1F2128",
        "height": "2.5rem",
        "width": "18rem",
      }
    }
    type="text"
    value=""
  />
  <button
    className="px-5 py-2 rounded "
    onClick={[Function]}
    style={
      Object {
        "backgroundColor": "#6249CC",
        "border": "none",
        "color": "white",
        "cursor": "pointer",
        "marginLeft": "-8px",
      }
    }
  >
    Add
  </button>
</div>
`;
